OpenNOW-Xenon persistent diagnostic log
Log format: sequence elapsed-ms level component message
Secrets, authorization headers, and request bodies are intentionally omitted.
000001 +0000000061ms INFO  logger: persistent logging opened at game:\opennow.log
000002 +0000000063ms INFO  boot: OpenNOW Xbox-kernel/XEX platform starting
000003 +0000000065ms INFO  xdk-video: initialization begin sdk=0
000004 +0000000067ms INFO  xdk-video: video mode reported=1920x1080 widescreen=1 progressive=1 selected=1280x720
000005 +0000000127ms INFO  xdk-video: CreateDevice complete device=40002A00
000006 +0000000129ms INFO  xdk-audio: initialization begin rate=48000 channels=2
000007 +0000000131ms INFO  xdk-audio: initialization complete engine=400097A0 voice=4001B1F0
000008 +0000000132ms INFO  xdk-net: public Internet access requires DashLaunch sockpatch; probing per-socket during connect
000009 +0000000185ms INFO  xdk-net: title network ready status=0x00000068 ip=0xc0a802cc
000010 +0000000186ms INFO  boot: XEX platform ready display=1280x720
000011 +0000000188ms INFO  main: entered application main; persistent_log=game:\opennow.log
000012 +0000000259ms INFO  ui: first frame presented display=1280x720 chars=0
000013 +0000000267ms INFO  ui: first non-empty text frame presented chars=116
000014 +0000000269ms INFO  http: XEX HTTPS transport initialized (mbedTLS/Winsock)
000015 +0000000271ms INFO  main: checking saved authentication session at game:\opennow_session.json
000016 +0000000273ms INFO  storage: session file not found path=game:\opennow_session.json
000017 +0000000275ms INFO  auth: no usable saved session found
000018 +0000000278ms INFO  auth: fetching login providers
000019 +0000000280ms INFO  http: request begin method=GET url=https://pcs.geforcenow.com/v1/serviceUrls request_bytes=0 headers=1
000020 +0000000283ms INFO  tls: CA bundle selected path=game:\cacert.pem
000021 +0000000285ms INFO  tls: connect begin host=pcs.geforcenow.com port=443 ca=game:\cacert.pem
000022 +0000000287ms INFO  socket: preflight mode=XNet bypass-security plus DashLaunch sockpatch
000023 +0000000301ms INFO  dns: lookup complete host=pcs.geforcenow.com status=0 addresses=3 elapsed_ms=12
000024 +0000000303ms INFO  socket: resolved endpoint host=pcs.geforcenow.com ipv4=100.62.131.41 port=443 raw=0x643e8329
000025 +0000000305ms DEBUG socket: socket create handle=0x1d93a000 wsa=0
000026 +0000000307ms INFO  socket: XNet unencrypted options handle=0x1d93a000 opt5802_rc=0 wsa=0 opt5801_rc=-1 wsa=10013
000027 +0000000309ms ERROR socket: TCP connect failed wsa=10013 host=pcs.geforcenow.com port=443
000028 +0000000311ms ERROR http: request failed method=GET url=https://pcs.geforcenow.com/v1/serviceUrls error=TCP connect failed wsa=10013 elapsed_ms=31
000029 +0000000315ms FATAL main: unhandled exception: serviceUrls HTTP 0
000030 +0000000348ms INFO  main: waiting for controller A before returning
