OpenNOW-Xenon persistent diagnostic log
Log format: sequence elapsed-ms level component message
Secrets, authorization headers, and request bodies are intentionally omitted.
000001 +0000000057ms INFO  logger: persistent logging opened at game:\opennow.log
000002 +0000000059ms INFO  boot: OpenNOW Xbox-kernel/XEX platform starting
000003 +0000000061ms INFO  xdk-video: initialization begin sdk=0
000004 +0000000063ms INFO  xdk-video: video mode reported=1920x1080 widescreen=1 progressive=1 selected=1280x720
000005 +0000000122ms INFO  xdk-video: CreateDevice complete device=40002A00
000006 +0000000124ms INFO  xdk-audio: initialization begin rate=48000 channels=2
000007 +0000000126ms INFO  xdk-audio: initialization complete engine=400097A0 voice=4001B1F0
000008 +0000000128ms INFO  xdk-net: public Internet access requires DashLaunch sockpatch; probing per-socket during connect
000009 +0000000181ms INFO  xdk-net: title network ready status=0x00000068 ip=0xc0a802cc
000010 +0000000182ms INFO  boot: XEX platform ready display=1280x720
000011 +0000000184ms INFO  main: entered application main; persistent_log=game:\opennow.log
000012 +0000000233ms INFO  ui: first frame presented display=1280x720 chars=0
000013 +0000000237ms INFO  ui: first non-empty text frame presented chars=116
000014 +0000000239ms INFO  http: XEX HTTPS transport initialized (mbedTLS/Winsock)
000015 +0000000240ms INFO  main: checking saved authentication session at game:\opennow_session.json
000016 +0000000256ms INFO  storage: session file parsed path=game:\opennow_session.json bytes=1757 usable=1
000017 +0000000258ms INFO  auth: saved session loaded provider=NVIDIA user_name_length=14
000018 +0000000263ms INFO  auth: refreshing saved session if required
000019 +0000000271ms INFO  storage: session file write path=game:\opennow_session.json result=1
000020 +0000000273ms INFO  auth: saved session refresh complete persisted=1
000021 +0000000276ms INFO  catalog: fetching authenticated catalog
000022 +0000000295ms INFO  http: request begin method=GET url=https://prod.cloudmatchbeta.nvidiagrid.net/v2/serverInfo request_bytes=0 headers=15
000023 +0000000297ms INFO  tls: CA bundle selected path=game:\cacert.pem
000024 +0000000299ms INFO  tls: connect begin host=prod.cloudmatchbeta.nvidiagrid.net port=443 ca=game:\cacert.pem
000025 +0000000301ms INFO  socket: preflight mode=XNet bypass-security plus DashLaunch sockpatch
000026 +0000000352ms INFO  dns: lookup complete host=prod.cloudmatchbeta.nvidiagrid.net status=0 addresses=5 elapsed_ms=49
000027 +0000000354ms INFO  socket: resolved endpoint host=prod.cloudmatchbeta.nvidiagrid.net ipv4=66.22.140.145 port=443 raw=0x42168c91
000028 +0000000356ms DEBUG socket: probe attempt=1 strategy=5801-only create=0x12187000 wsa=0
000029 +0000000373ms INFO  socket: probe result strategy=5801-only opt5802=0/0 opt5801=0/0 connect=0/0 elapsed_ms=74
000030 +0000000375ms DEBUG tls: CA load begin path=game:\cacert.pem
000031 +0000000439ms INFO  tls: CA load complete path=game:\cacert.pem bytes=188900 skipped_certificates=59
000032 +0000000444ms INFO  tls: handshake begin host=prod.cloudmatchbeta.nvidiagrid.net
000033 +0000000506ms INFO  tls: connect complete host=prod.cloudmatchbeta.nvidiagrid.net port=443 spins=0 elapsed_ms=207
000034 +0000000545ms INFO  http: request end method=GET url=https://prod.cloudmatchbeta.nvidiagrid.net/v2/serverInfo status=200 response_bytes=9204 elapsed_ms=250
000035 +0000000549ms INFO  http: request begin method=POST url=https://games.geforce.com/graphql request_bytes=720 headers=16
000036 +0000000551ms INFO  tls: connect begin host=games.geforce.com port=443 ca=game:\cacert.pem
000037 +0000000553ms INFO  socket: preflight mode=XNet bypass-security plus DashLaunch sockpatch
000038 +0000000597ms INFO  dns: lookup complete host=games.geforce.com status=0 addresses=4 elapsed_ms=42
000039 +0000000599ms INFO  socket: resolved endpoint host=games.geforce.com ipv4=13.225.196.30 port=443 raw=0x0de1c41e
000040 +0000000601ms DEBUG socket: probe attempt=1 strategy=5801-only create=0x12188000 wsa=0
000041 +0000000607ms INFO  socket: probe result strategy=5801-only opt5802=0/0 opt5801=0/0 connect=0/0 elapsed_ms=56
000042 +0000000609ms DEBUG tls: CA load begin path=game:\cacert.pem
000043 +0000000686ms INFO  tls: CA load complete path=game:\cacert.pem bytes=188900 skipped_certificates=59
000044 +0000000700ms INFO  tls: handshake begin host=games.geforce.com
000045 +0000000746ms INFO  tls: connect complete host=games.geforce.com port=443 spins=0 elapsed_ms=195
000046 +0000002185ms INFO  http: request end method=POST url=https://games.geforce.com/graphql status=200 response_bytes=350044 elapsed_ms=1636
000047 +0000002299ms INFO  http: request begin method=POST url=https://games.geforce.com/graphql request_bytes=724 headers=16
000048 +0000002301ms INFO  tls: connect begin host=games.geforce.com port=443 ca=game:\cacert.pem
000049 +0000002303ms INFO  socket: preflight mode=XNet bypass-security plus DashLaunch sockpatch
000050 +0000002317ms INFO  dns: lookup complete host=games.geforce.com status=0 addresses=4 elapsed_ms=12
000051 +0000002320ms INFO  socket: resolved endpoint host=games.geforce.com ipv4=13.225.196.29 port=443 raw=0x0de1c41d
000052 +0000002323ms DEBUG socket: probe attempt=1 strategy=5801-only create=0x12189000 wsa=0
000053 +0000002331ms INFO  socket: probe result strategy=5801-only opt5802=0/0 opt5801=0/0 connect=0/0 elapsed_ms=30
000054 +0000002333ms DEBUG tls: CA load begin path=game:\cacert.pem
000055 +0000002422ms INFO  tls: CA load complete path=game:\cacert.pem bytes=188900 skipped_certificates=59
000056 +0000002436ms INFO  tls: handshake begin host=games.geforce.com
000057 +0000002487ms INFO  tls: connect complete host=games.geforce.com port=443 spins=0 elapsed_ms=186
000058 +0000003653ms INFO  http: request end method=POST url=https://games.geforce.com/graphql status=200 response_bytes=360955 elapsed_ms=1354
000059 +0000003773ms INFO  http: request begin method=POST url=https://games.geforce.com/graphql request_bytes=724 headers=16
000060 +0000003775ms INFO  tls: connect begin host=games.geforce.com port=443 ca=game:\cacert.pem
000061 +0000003777ms INFO  socket: preflight mode=XNet bypass-security plus DashLaunch sockpatch
000062 +0000003791ms INFO  dns: lookup complete host=games.geforce.com status=0 addresses=4 elapsed_ms=12
000063 +0000003793ms INFO  socket: resolved endpoint host=games.geforce.com ipv4=13.225.196.30 port=443 raw=0x0de1c41e
000064 +0000003795ms DEBUG socket: probe attempt=1 strategy=5801-only create=0x1218a000 wsa=0
000065 +0000003804ms INFO  socket: probe result strategy=5801-only opt5802=0/0 opt5801=0/0 connect=0/0 elapsed_ms=29
000066 +0000003806ms DEBUG tls: CA load begin path=game:\cacert.pem
000067 +0000003895ms INFO  tls: CA load complete path=game:\cacert.pem bytes=188900 skipped_certificates=59
000068 +0000003909ms INFO  tls: handshake begin host=games.geforce.com
000069 +0000003959ms INFO  tls: connect complete host=games.geforce.com port=443 spins=0 elapsed_ms=184
000070 +0000005022ms INFO  http: request end method=POST url=https://games.geforce.com/graphql status=200 response_bytes=335445 elapsed_ms=1249
000071 +0000005142ms INFO  catalog: catalog tabs prepared all=360 library=1
000072 +0000010561ms INFO  catalog: tab changed tab=library
000073 +0000011761ms INFO  catalog: selected title=Alan Wake 2 store=EPIC app_id_length=9
000074 +0000011819ms INFO  session: starting CloudMatch resolution=1280x720 fps=60 bitrate_kbps=12000
000075 +0000011822ms INFO  http: request begin method=POST url=https://prod.cloudmatchbeta.nvidiagrid.net/v2/session request_bytes=1468 headers=16
000076 +0000011824ms INFO  tls: connect begin host=prod.cloudmatchbeta.nvidiagrid.net port=443 ca=game:\cacert.pem
000077 +0000011826ms INFO  socket: preflight mode=XNet bypass-security plus DashLaunch sockpatch
000078 +0000011840ms INFO  dns: lookup complete host=prod.cloudmatchbeta.nvidiagrid.net status=0 addresses=5 elapsed_ms=12
000079 +0000011842ms INFO  socket: resolved endpoint host=prod.cloudmatchbeta.nvidiagrid.net ipv4=66.22.140.147 port=443 raw=0x42168c93
000080 +0000011844ms DEBUG socket: probe attempt=1 strategy=5801-only create=0x1218b000 wsa=0
000081 +0000011858ms INFO  socket: probe result strategy=5801-only opt5802=0/0 opt5801=0/0 connect=0/0 elapsed_ms=34
000082 +0000011912ms DEBUG tls: CA load begin path=game:\cacert.pem
000083 +0000011979ms INFO  tls: CA load complete path=game:\cacert.pem bytes=188900 skipped_certificates=59
000084 +0000011993ms INFO  tls: handshake begin host=prod.cloudmatchbeta.nvidiagrid.net
000085 +0000012044ms INFO  tls: connect complete host=prod.cloudmatchbeta.nvidiagrid.net port=443 spins=0 elapsed_ms=220
000086 +0000012326ms INFO  http: request end method=POST url=https://prod.cloudmatchbeta.nvidiagrid.net/v2/session status=403 response_bytes=4674 elapsed_ms=504
000087 +0000012463ms FATAL main: unhandled exception: start session HTTP 403 {"session":{"sessionAds":null,"sessionControlInfo":{"protocol":0,"appLevelProtocol":5,"ip":"np-mon-02.cloudmatchbeta.nvidiagrid.net","resourcePath":"/v2/session/1cc0ee67-67cb-48c2-abb2-fc4da1cdcb3e","usage":10,"port":443},"connectionInfo":[{"protocol":1,"appLevelProtocol":6,"ip":null,"resourcePath":null,"usage":14,"port":322},{"protocol":1,"appLevelProtocol":6,"ip":null,"resourcePath":null,"usage":14,"port":48322}],"sessionRequestData":{"audioMode":0,"clientDisplayHdrCapabilities":null,"remoteControllersBitmap":1,"sdrHdrMode":0,"networkTestSessionId":"00000000-0000-0000-0000-000000000000","transport":null,"availableSupportedControllers":null,"clientVersion":"30.0","partnerCustomData":"","deviceHashId":"dfbf3dd1-f8ec-4675-b879-5f6143dba1cc","userAge":0,"internalTitle":null,"clientPlatformName":"windows","rigId":null,"requestedStreamingFeatures":null,"metaData":[{"key":"SubSessionId","value":"xenon"},{"key":"wssignaling","value":"1"},{"key":"GSStreamerType","value":"
000088 +0000012529ms INFO  main: waiting for controller A before returning
000089 +0000020915ms INFO  main: controller A received; application returning
000090 +0000020970ms INFO  logger: closing persistent log
